\BOOKMARK [1][-]{section.1}{this is a test program for org mode}{}
\BOOKMARK [2][-]{subsection.1.1}{we can see the result when run org}{section.1}
\BOOKMARK [2][-]{subsection.1.2}{test}{section.1}
